
> speak-mvp-json@0.1.0 build
> next build

  Γû▓ Next.js 14.2.5
  - Environments: .env.local

   Creating an optimized production build ...
 Γ£ô Compiled successfully
   Linting and checking validity of types ...
   Collecting page data ...
   Generating static pages (0/32) ...
   Generating static pages (8/32) 
node.exe : [GUIDES_LIST] q [Error]: Dynamic server usage: Route /api/guides 
couldn't be rendered statically because it used `request.headers`. See more 
info here: https://nextjs.org/docs/messages/dynamic-server-error
At line:1 char:1
+ & "C:\Program Files\nodejs/node.exe" "C:\Program Files\nodejs/node_mo ...
+ ~~~~~~~~~~~~~~~~~~~~~~~~~~~~~~~~~~~~~~~~~~~~~~~~~~~~~~~~~~~~~~~~~~~~~
    + CategoryInfo          : NotSpecified: ([GUIDES_LIST] q...ic-server-error 
   :String) [], RemoteException
    + FullyQualifiedErrorId : NativeCommandError
 
    at W (C:\Users\samue\Downloads\speak\speak-mvp-json\frontend\node_modules\n
ext\dist\compiled\next-server\app-route.runtime.prod.js:6:21106)
    at Object.get (C:\Users\samue\Downloads\speak\speak-mvp-json\frontend\node_
modules\next\dist\compiled\next-server\app-route.runtime.prod.js:6:28459)
    at d (C:\Users\samue\Downloads\speak\speak-mvp-json\frontend\.next\server\a
pp\api\guides\route.js:1:572)
    at C:\Users\samue\Downloads\speak\speak-mvp-json\frontend\node_modules\next
\dist\compiled\next-server\app-route.runtime.prod.js:6:36264
    at C:\Users\samue\Downloads\speak\speak-mvp-json\frontend\node_modules\next
\dist\server\lib\trace\tracer.js:140:36
    at NoopContextManager.with (C:\Users\samue\Downloads\speak\speak-mvp-json\f
rontend\node_modules\next\dist\compiled\@opentelemetry\api\index.js:1:7062)
    at ContextAPI.with (C:\Users\samue\Downloads\speak\speak-mvp-json\frontend\
node_modules\next\dist\compiled\@opentelemetry\api\index.js:1:518)
    at NoopTracer.startActiveSpan (C:\Users\samue\Downloads\speak\speak-mvp-jso
n\frontend\node_modules\next\dist\compiled\@opentelemetry\api\index.js:1:18093)
    at ProxyTracer.startActiveSpan (C:\Users\samue\Downloads\speak\speak-mvp-js
on\frontend\node_modules\next\dist\compiled\@opentelemetry\api\index.js:1:18854
)
    at C:\Users\samue\Downloads\speak\speak-mvp-json\frontend\node_modules\next
\dist\server\lib\trace\tracer.js:122:103 {
  description: "Route /api/guides couldn't be rendered statically because it 
used `request.headers`. See more info here: 
https://nextjs.org/docs/messages/dynamic-server-error",
  digest: 'DYNAMIC_SERVER_USAGE'
}
[GUIDE_RECOMMENDATIONS] q [Error]: Dynamic server usage: Route 
/api/guides/recommend couldn't be rendered statically because it used 
`request.headers`. See more info here: 
https://nextjs.org/docs/messages/dynamic-server-error
    at W (C:\Users\samue\Downloads\speak\speak-mvp-json\frontend\node_modules\n
ext\dist\compiled\next-server\app-route.runtime.prod.js:6:21106)
    at Object.get (C:\Users\samue\Downloads\speak\speak-mvp-json\frontend\node_
modules\next\dist\compiled\next-server\app-route.runtime.prod.js:6:28459)
    at d (C:\Users\samue\Downloads\speak\speak-mvp-json\frontend\.next\server\a
pp\api\guides\recommend\route.js:1:572)
    at C:\Users\samue\Downloads\speak\speak-mvp-json\frontend\node_modules\next
\dist\compiled\next-server\app-route.runtime.prod.js:6:36264
    at C:\Users\samue\Downloads\speak\speak-mvp-json\frontend\node_modules\next
\dist\server\lib\trace\tracer.js:140:36
    at NoopContextManager.with (C:\Users\samue\Downloads\speak\speak-mvp-json\f
rontend\node_modules\next\dist\compiled\@opentelemetry\api\index.js:1:7062)
    at ContextAPI.with (C:\Users\samue\Downloads\speak\speak-mvp-json\frontend\
node_modules\next\dist\compiled\@opentelemetry\api\index.js:1:518)
    at NoopTracer.startActiveSpan (C:\Users\samue\Downloads\speak\speak-mvp-jso
n\frontend\node_modules\next\dist\compiled\@opentelemetry\api\index.js:1:18093)
    at ProxyTracer.startActiveSpan (C:\Users\samue\Downloads\speak\speak-mvp-js
on\frontend\node_modules\next\dist\compiled\@opentelemetry\api\index.js:1:18854
)
    at C:\Users\samue\Downloads\speak\speak-mvp-json\frontend\node_modules\next
\dist\server\lib\trace\tracer.js:122:103 {
  description: "Route /api/guides/recommend couldn't be rendered statically 
because it used `request.headers`. See more info here: 
https://nextjs.org/docs/messages/dynamic-server-error",
  digest: 'DYNAMIC_SERVER_USAGE'
}
Could not find files for /_error in .next/build-manifest.json
Could not find files for /_error in .next/build-manifest.json
Could not find files for /_error in .next/build-manifest.json
Could not find files for /_error in .next/build-manifest.json
   Generating static pages (16/32) 
Error fetching student groups: q [Error]: Dynamic server usage: Route 
/api/students/groups couldn't be rendered statically because it used 
`request.headers`. See more info here: 
https://nextjs.org/docs/messages/dynamic-server-error
    at W (C:\Users\samue\Downloads\speak\speak-mvp-json\frontend\node_modules\n
ext\dist\compiled\next-server\app-route.runtime.prod.js:6:21106)
    at Object.get (C:\Users\samue\Downloads\speak\speak-mvp-json\frontend\node_
modules\next\dist\compiled\next-server\app-route.runtime.prod.js:6:28459)
    at u (C:\Users\samue\Downloads\speak\speak-mvp-json\frontend\.next\server\a
pp\api\students\groups\route.js:1:570)
    at C:\Users\samue\Downloads\speak\speak-mvp-json\frontend\node_modules\next
\dist\compiled\next-server\app-route.runtime.prod.js:6:36264
    at C:\Users\samue\Downloads\speak\speak-mvp-json\frontend\node_modules\next
\dist\server\lib\trace\tracer.js:140:36
    at NoopContextManager.with (C:\Users\samue\Downloads\speak\speak-mvp-json\f
rontend\node_modules\next\dist\compiled\@opentelemetry\api\index.js:1:7062)
    at ContextAPI.with (C:\Users\samue\Downloads\speak\speak-mvp-json\frontend\
node_modules\next\dist\compiled\@opentelemetry\api\index.js:1:518)
    at NoopTracer.startActiveSpan (C:\Users\samue\Downloads\speak\speak-mvp-jso
n\frontend\node_modules\next\dist\compiled\@opentelemetry\api\index.js:1:18093)
    at ProxyTracer.startActiveSpan (C:\Users\samue\Downloads\speak\speak-mvp-js
on\frontend\node_modules\next\dist\compiled\@opentelemetry\api\index.js:1:18854
)
    at C:\Users\samue\Downloads\speak\speak-mvp-json\frontend\node_modules\next
\dist\server\lib\trace\tracer.js:122:103 {
  description: "Route /api/students/groups couldn't be rendered statically 
because it used `request.headers`. See more info here: 
https://nextjs.org/docs/messages/dynamic-server-error",
  digest: 'DYNAMIC_SERVER_USAGE'
}
TypeError: Cannot read properties of undefined (reading 'call')
    at Object.t [as require] (C:\Users\samue\Downloads\speak\speak-mvp-json\fro
ntend\.next\server\webpack-runtime.js:1:143)
    at require (C:\Users\samue\Downloads\speak\speak-mvp-json\frontend\node_mod
ules\next\dist\compiled\next-server\app-page.runtime.prod.js:16:18490)
    at I (C:\Users\samue\Downloads\speak\speak-mvp-json\frontend\node_modules\n
ext\dist\compiled\next-server\app-page.runtime.prod.js:12:94362)
    at C:\Users\samue\Downloads\speak\speak-mvp-json\frontend\node_modules\next
\dist\compiled\next-server\app-page.runtime.prod.js:12:96668
    at F._fromJSON (C:\Users\samue\Downloads\speak\speak-mvp-json\frontend\node
_modules\next\dist\compiled\next-server\app-page.runtime.prod.js:12:97106)
    at JSON.parse (<anonymous>)
    at O (C:\Users\samue\Downloads\speak\speak-mvp-json\frontend\node_modules\n
ext\dist\compiled\next-server\app-page.runtime.prod.js:12:94083)
    at t (C:\Users\samue\Downloads\speak\speak-mvp-json\frontend\node_modules\n
ext\dist\compiled\next-server\app-page.runtime.prod.js:12:100582) {
  digest: '3747330422'
}
TypeError: Cannot read properties of undefined (reading 'call')
    at Object.t [as require] (C:\Users\samue\Downloads\speak\speak-mvp-json\fro
ntend\.next\server\webpack-runtime.js:1:143)
    at require (C:\Users\samue\Downloads\speak\speak-mvp-json\frontend\node_mod
ules\next\dist\compiled\next-server\app-page.runtime.prod.js:16:18490)
    at I (C:\Users\samue\Downloads\speak\speak-mvp-json\frontend\node_modules\n
ext\dist\compiled\next-server\app-page.runtime.prod.js:12:94362)
    at C:\Users\samue\Downloads\speak\speak-mvp-json\frontend\node_modules\next
\dist\compiled\next-server\app-page.runtime.prod.js:12:96668
    at F._fromJSON (C:\Users\samue\Downloads\speak\speak-mvp-json\frontend\node
_modules\next\dist\compiled\next-server\app-page.runtime.prod.js:12:97106)
    at JSON.parse (<anonymous>)
    at O (C:\Users\samue\Downloads\speak\speak-mvp-json\frontend\node_modules\n
ext\dist\compiled\next-server\app-page.runtime.prod.js:12:94083)
    at t (C:\Users\samue\Downloads\speak\speak-mvp-json\frontend\node_modules\n
ext\dist\compiled\next-server\app-page.runtime.prod.js:12:100582)

Error occurred prerendering page "/login". Read more: 
https://nextjs.org/docs/messages/prerender-error

TypeError: Cannot read properties of undefined (reading 'call')
    at Object.t [as require] (C:\Users\samue\Downloads\speak\speak-mvp-json\fro
ntend\.next\server\webpack-runtime.js:1:143)
    at require (C:\Users\samue\Downloads\speak\speak-mvp-json\frontend\node_mod
ules\next\dist\compiled\next-server\app-page.runtime.prod.js:16:18490)
    at I (C:\Users\samue\Downloads\speak\speak-mvp-json\frontend\node_modules\n
ext\dist\compiled\next-server\app-page.runtime.prod.js:12:94362)
    at C:\Users\samue\Downloads\speak\speak-mvp-json\frontend\node_modules\next
\dist\compiled\next-server\app-page.runtime.prod.js:12:96668
    at F._fromJSON (C:\Users\samue\Downloads\speak\speak-mvp-json\frontend\node
_modules\next\dist\compiled\next-server\app-page.runtime.prod.js:12:97106)
    at JSON.parse (<anonymous>)
    at O (C:\Users\samue\Downloads\speak\speak-mvp-json\frontend\node_modules\n
ext\dist\compiled\next-server\app-page.runtime.prod.js:12:94083)
    at t (C:\Users\samue\Downloads\speak\speak-mvp-json\frontend\node_modules\n
ext\dist\compiled\next-server\app-page.runtime.prod.js:12:100582)
   Generating static pages (24/32) 
TypeError: Cannot read properties of undefined (reading 'call')
    at Object.t [as require] (C:\Users\samue\Downloads\speak\speak-mvp-json\fro
ntend\.next\server\webpack-runtime.js:1:143)
    at require (C:\Users\samue\Downloads\speak\speak-mvp-json\frontend\node_mod
ules\next\dist\compiled\next-server\app-page.runtime.prod.js:16:18490)
    at I (C:\Users\samue\Downloads\speak\speak-mvp-json\frontend\node_modules\n
ext\dist\compiled\next-server\app-page.runtime.prod.js:12:94362)
    at C:\Users\samue\Downloads\speak\speak-mvp-json\frontend\node_modules\next
\dist\compiled\next-server\app-page.runtime.prod.js:12:96668
    at F._fromJSON (C:\Users\samue\Downloads\speak\speak-mvp-json\frontend\node
_modules\next\dist\compiled\next-server\app-page.runtime.prod.js:12:97106)
    at JSON.parse (<anonymous>)
    at O (C:\Users\samue\Downloads\speak\speak-mvp-json\frontend\node_modules\n
ext\dist\compiled\next-server\app-page.runtime.prod.js:12:94083)
    at t (C:\Users\samue\Downloads\speak\speak-mvp-json\frontend\node_modules\n
ext\dist\compiled\next-server\app-page.runtime.prod.js:12:100582) {
  digest: '3747330422'
}
TypeError: Cannot read properties of undefined (reading 'call')
    at Object.t [as require] (C:\Users\samue\Downloads\speak\speak-mvp-json\fro
ntend\.next\server\webpack-runtime.js:1:143)
    at require (C:\Users\samue\Downloads\speak\speak-mvp-json\frontend\node_mod
ules\next\dist\compiled\next-server\app-page.runtime.prod.js:16:18490)
    at I (C:\Users\samue\Downloads\speak\speak-mvp-json\frontend\node_modules\n
ext\dist\compiled\next-server\app-page.runtime.prod.js:12:94362)
    at C:\Users\samue\Downloads\speak\speak-mvp-json\frontend\node_modules\next
\dist\compiled\next-server\app-page.runtime.prod.js:12:96668
    at F._fromJSON (C:\Users\samue\Downloads\speak\speak-mvp-json\frontend\node
_modules\next\dist\compiled\next-server\app-page.runtime.prod.js:12:97106)
    at JSON.parse (<anonymous>)
    at O (C:\Users\samue\Downloads\speak\speak-mvp-json\frontend\node_modules\n
ext\dist\compiled\next-server\app-page.runtime.prod.js:12:94083)
    at t (C:\Users\samue\Downloads\speak\speak-mvp-json\frontend\node_modules\n
ext\dist\compiled\next-server\app-page.runtime.prod.js:12:100582)

Error occurred prerendering page "/missions". Read more: 
https://nextjs.org/docs/messages/prerender-error

TypeError: Cannot read properties of undefined (reading 'call')
    at Object.t [as require] (C:\Users\samue\Downloads\speak\speak-mvp-json\fro
ntend\.next\server\webpack-runtime.js:1:143)
    at require (C:\Users\samue\Downloads\speak\speak-mvp-json\frontend\node_mod
ules\next\dist\compiled\next-server\app-page.runtime.prod.js:16:18490)
    at I (C:\Users\samue\Downloads\speak\speak-mvp-json\frontend\node_modules\n
ext\dist\compiled\next-server\app-page.runtime.prod.js:12:94362)
    at C:\Users\samue\Downloads\speak\speak-mvp-json\frontend\node_modules\next
\dist\compiled\next-server\app-page.runtime.prod.js:12:96668
    at F._fromJSON (C:\Users\samue\Downloads\speak\speak-mvp-json\frontend\node
_modules\next\dist\compiled\next-server\app-page.runtime.prod.js:12:97106)
    at JSON.parse (<anonymous>)
    at O (C:\Users\samue\Downloads\speak\speak-mvp-json\frontend\node_modules\n
ext\dist\compiled\next-server\app-page.runtime.prod.js:12:94083)
    at t (C:\Users\samue\Downloads\speak\speak-mvp-json\frontend\node_modules\n
ext\dist\compiled\next-server\app-page.runtime.prod.js:12:100582)
TypeError: Cannot read properties of undefined (reading 'call')
    at Object.t [as require] (C:\Users\samue\Downloads\speak\speak-mvp-json\fro
ntend\.next\server\webpack-runtime.js:1:143)
    at require (C:\Users\samue\Downloads\speak\speak-mvp-json\frontend\node_mod
ules\next\dist\compiled\next-server\app-page.runtime.prod.js:16:18490)
    at I (C:\Users\samue\Downloads\speak\speak-mvp-json\frontend\node_modules\n
ext\dist\compiled\next-server\app-page.runtime.prod.js:12:94362)
    at C:\Users\samue\Downloads\speak\speak-mvp-json\frontend\node_modules\next
\dist\compiled\next-server\app-page.runtime.prod.js:12:96668
    at F._fromJSON (C:\Users\samue\Downloads\speak\speak-mvp-json\frontend\node
_modules\next\dist\compiled\next-server\app-page.runtime.prod.js:12:97106)
    at JSON.parse (<anonymous>)
    at O (C:\Users\samue\Downloads\speak\speak-mvp-json\frontend\node_modules\n
ext\dist\compiled\next-server\app-page.runtime.prod.js:12:94083)
    at t (C:\Users\samue\Downloads\speak\speak-mvp-json\frontend\node_modules\n
ext\dist\compiled\next-server\app-page.runtime.prod.js:12:100582) {
  digest: '3747330422'
}
TypeError: Cannot read properties of undefined (reading 'call')
    at Object.t [as require] (C:\Users\samue\Downloads\speak\speak-mvp-json\fro
ntend\.next\server\webpack-runtime.js:1:143)
    at require (C:\Users\samue\Downloads\speak\speak-mvp-json\frontend\node_mod
ules\next\dist\compiled\next-server\app-page.runtime.prod.js:16:18490)
    at I (C:\Users\samue\Downloads\speak\speak-mvp-json\frontend\node_modules\n
ext\dist\compiled\next-server\app-page.runtime.prod.js:12:94362)
    at C:\Users\samue\Downloads\speak\speak-mvp-json\frontend\node_modules\next
\dist\compiled\next-server\app-page.runtime.prod.js:12:96668
    at F._fromJSON (C:\Users\samue\Downloads\speak\speak-mvp-json\frontend\node
_modules\next\dist\compiled\next-server\app-page.runtime.prod.js:12:97106)
    at JSON.parse (<anonymous>)
    at O (C:\Users\samue\Downloads\speak\speak-mvp-json\frontend\node_modules\n
ext\dist\compiled\next-server\app-page.runtime.prod.js:12:94083)
    at t (C:\Users\samue\Downloads\speak\speak-mvp-json\frontend\node_modules\n
ext\dist\compiled\next-server\app-page.runtime.prod.js:12:100582)

Error occurred prerendering page "/groups". Read more: 
https://nextjs.org/docs/messages/prerender-error

TypeError: Cannot read properties of undefined (reading 'call')
    at Object.t [as require] (C:\Users\samue\Downloads\speak\speak-mvp-json\fro
ntend\.next\server\webpack-runtime.js:1:143)
    at require (C:\Users\samue\Downloads\speak\speak-mvp-json\frontend\node_mod
ules\next\dist\compiled\next-server\app-page.runtime.prod.js:16:18490)
    at I (C:\Users\samue\Downloads\speak\speak-mvp-json\frontend\node_modules\n
ext\dist\compiled\next-server\app-page.runtime.prod.js:12:94362)
    at C:\Users\samue\Downloads\speak\speak-mvp-json\frontend\node_modules\next
\dist\compiled\next-server\app-page.runtime.prod.js:12:96668
    at F._fromJSON (C:\Users\samue\Downloads\speak\speak-mvp-json\frontend\node
_modules\next\dist\compiled\next-server\app-page.runtime.prod.js:12:97106)
    at JSON.parse (<anonymous>)
    at O (C:\Users\samue\Downloads\speak\speak-mvp-json\frontend\node_modules\n
ext\dist\compiled\next-server\app-page.runtime.prod.js:12:94083)
    at t (C:\Users\samue\Downloads\speak\speak-mvp-json\frontend\node_modules\n
ext\dist\compiled\next-server\app-page.runtime.prod.js:12:100582)
TypeError: Cannot read properties of undefined (reading 'call')
    at Object.t [as require] (C:\Users\samue\Downloads\speak\speak-mvp-json\fro
ntend\.next\server\webpack-runtime.js:1:143)
    at require (C:\Users\samue\Downloads\speak\speak-mvp-json\frontend\node_mod
ules\next\dist\compiled\next-server\app-page.runtime.prod.js:16:18490)
    at I (C:\Users\samue\Downloads\speak\speak-mvp-json\frontend\node_modules\n
ext\dist\compiled\next-server\app-page.runtime.prod.js:12:94362)
    at C:\Users\samue\Downloads\speak\speak-mvp-json\frontend\node_modules\next
\dist\compiled\next-server\app-page.runtime.prod.js:12:96668
    at F._fromJSON (C:\Users\samue\Downloads\speak\speak-mvp-json\frontend\node
_modules\next\dist\compiled\next-server\app-page.runtime.prod.js:12:97106)
    at JSON.parse (<anonymous>)
    at O (C:\Users\samue\Downloads\speak\speak-mvp-json\frontend\node_modules\n
ext\dist\compiled\next-server\app-page.runtime.prod.js:12:94083)
    at t (C:\Users\samue\Downloads\speak\speak-mvp-json\frontend\node_modules\n
ext\dist\compiled\next-server\app-page.runtime.prod.js:12:100582)
    at runNextTicks (node:internal/process/task_queues:64:5)
    at listOnTimeout (node:internal/timers:567:9) {
  digest: '48651196'
}
TypeError: Cannot read properties of undefined (reading 'call')
    at Object.t [as require] (C:\Users\samue\Downloads\speak\speak-mvp-json\fro
ntend\.next\server\webpack-runtime.js:1:143)
    at require (C:\Users\samue\Downloads\speak\speak-mvp-json\frontend\node_mod
ules\next\dist\compiled\next-server\app-page.runtime.prod.js:16:18490)
    at I (C:\Users\samue\Downloads\speak\speak-mvp-json\frontend\node_modules\n
ext\dist\compiled\next-server\app-page.runtime.prod.js:12:94362)
    at C:\Users\samue\Downloads\speak\speak-mvp-json\frontend\node_modules\next
\dist\compiled\next-server\app-page.runtime.prod.js:12:96668
    at F._fromJSON (C:\Users\samue\Downloads\speak\speak-mvp-json\frontend\node
_modules\next\dist\compiled\next-server\app-page.runtime.prod.js:12:97106)
    at JSON.parse (<anonymous>)
    at O (C:\Users\samue\Downloads\speak\speak-mvp-json\frontend\node_modules\n
ext\dist\compiled\next-server\app-page.runtime.prod.js:12:94083)
    at t (C:\Users\samue\Downloads\speak\speak-mvp-json\frontend\node_modules\n
ext\dist\compiled\next-server\app-page.runtime.prod.js:12:100582)

Error occurred prerendering page "/". Read more: 
https://nextjs.org/docs/messages/prerender-error

TypeError: Cannot read properties of undefined (reading 'call')
    at Object.t [as require] (C:\Users\samue\Downloads\speak\speak-mvp-json\fro
ntend\.next\server\webpack-runtime.js:1:143)
    at require (C:\Users\samue\Downloads\speak\speak-mvp-json\frontend\node_mod
ules\next\dist\compiled\next-server\app-page.runtime.prod.js:16:18490)
    at I (C:\Users\samue\Downloads\speak\speak-mvp-json\frontend\node_modules\n
ext\dist\compiled\next-server\app-page.runtime.prod.js:12:94362)
    at C:\Users\samue\Downloads\speak\speak-mvp-json\frontend\node_modules\next
\dist\compiled\next-server\app-page.runtime.prod.js:12:96668
    at F._fromJSON (C:\Users\samue\Downloads\speak\speak-mvp-json\frontend\node
_modules\next\dist\compiled\next-server\app-page.runtime.prod.js:12:97106)
    at JSON.parse (<anonymous>)
    at O (C:\Users\samue\Downloads\speak\speak-mvp-json\frontend\node_modules\n
ext\dist\compiled\next-server\app-page.runtime.prod.js:12:94083)
    at t (C:\Users\samue\Downloads\speak\speak-mvp-json\frontend\node_modules\n
ext\dist\compiled\next-server\app-page.runtime.prod.js:12:100582)
TypeError: Cannot read properties of undefined (reading 'call')
    at Object.t [as require] (C:\Users\samue\Downloads\speak\speak-mvp-json\fro
ntend\.next\server\webpack-runtime.js:1:143)
    at require (C:\Users\samue\Downloads\speak\speak-mvp-json\frontend\node_mod
ules\next\dist\compiled\next-server\app-page.runtime.prod.js:16:18490)
    at I (C:\Users\samue\Downloads\speak\speak-mvp-json\frontend\node_modules\n
ext\dist\compiled\next-server\app-page.runtime.prod.js:12:94362)
    at C:\Users\samue\Downloads\speak\speak-mvp-json\frontend\node_modules\next
\dist\compiled\next-server\app-page.runtime.prod.js:12:96668
    at F._fromJSON (C:\Users\samue\Downloads\speak\speak-mvp-json\frontend\node
_modules\next\dist\compiled\next-server\app-page.runtime.prod.js:12:97106)
    at JSON.parse (<anonymous>)
    at O (C:\Users\samue\Downloads\speak\speak-mvp-json\frontend\node_modules\n
ext\dist\compiled\next-server\app-page.runtime.prod.js:12:94083)
    at t (C:\Users\samue\Downloads\speak\speak-mvp-json\frontend\node_modules\n
ext\dist\compiled\next-server\app-page.runtime.prod.js:12:100582) {
  digest: '3747330422'
}
TypeError: Cannot read properties of undefined (reading 'call')
    at Object.t [as require] (C:\Users\samue\Downloads\speak\speak-mvp-json\fro
ntend\.next\server\webpack-runtime.js:1:143)
    at require (C:\Users\samue\Downloads\speak\speak-mvp-json\frontend\node_mod
ules\next\dist\compiled\next-server\app-page.runtime.prod.js:16:18490)
    at I (C:\Users\samue\Downloads\speak\speak-mvp-json\frontend\node_modules\n
ext\dist\compiled\next-server\app-page.runtime.prod.js:12:94362)
    at C:\Users\samue\Downloads\speak\speak-mvp-json\frontend\node_modules\next
\dist\compiled\next-server\app-page.runtime.prod.js:12:96668
    at F._fromJSON (C:\Users\samue\Downloads\speak\speak-mvp-json\frontend\node
_modules\next\dist\compiled\next-server\app-page.runtime.prod.js:12:97106)
    at JSON.parse (<anonymous>)
    at O (C:\Users\samue\Downloads\speak\speak-mvp-json\frontend\node_modules\n
ext\dist\compiled\next-server\app-page.runtime.prod.js:12:94083)
    at t (C:\Users\samue\Downloads\speak\speak-mvp-json\frontend\node_modules\n
ext\dist\compiled\next-server\app-page.runtime.prod.js:12:100582)

Error occurred prerendering page "/stories". Read more: 
https://nextjs.org/docs/messages/prerender-error

TypeError: Cannot read properties of undefined (reading 'call')
    at Object.t [as require] (C:\Users\samue\Downloads\speak\speak-mvp-json\fro
ntend\.next\server\webpack-runtime.js:1:143)
    at require (C:\Users\samue\Downloads\speak\speak-mvp-json\frontend\node_mod
ules\next\dist\compiled\next-server\app-page.runtime.prod.js:16:18490)
    at I (C:\Users\samue\Downloads\speak\speak-mvp-json\frontend\node_modules\n
ext\dist\compiled\next-server\app-page.runtime.prod.js:12:94362)
    at C:\Users\samue\Downloads\speak\speak-mvp-json\frontend\node_modules\next
\dist\compiled\next-server\app-page.runtime.prod.js:12:96668
    at F._fromJSON (C:\Users\samue\Downloads\speak\speak-mvp-json\frontend\node
_modules\next\dist\compiled\next-server\app-page.runtime.prod.js:12:97106)
    at JSON.parse (<anonymous>)
    at O (C:\Users\samue\Downloads\speak\speak-mvp-json\frontend\node_modules\n
ext\dist\compiled\next-server\app-page.runtime.prod.js:12:94083)
    at t (C:\Users\samue\Downloads\speak\speak-mvp-json\frontend\node_modules\n
ext\dist\compiled\next-server\app-page.runtime.prod.js:12:100582)
TypeError: Cannot read properties of undefined (reading 'call')
    at Object.t [as require] (C:\Users\samue\Downloads\speak\speak-mvp-json\fro
ntend\.next\server\webpack-runtime.js:1:143)
    at require (C:\Users\samue\Downloads\speak\speak-mvp-json\frontend\node_mod
ules\next\dist\compiled\next-server\app-page.runtime.prod.js:16:18490)
    at I (C:\Users\samue\Downloads\speak\speak-mvp-json\frontend\node_modules\n
ext\dist\compiled\next-server\app-page.runtime.prod.js:12:94362)
    at C:\Users\samue\Downloads\speak\speak-mvp-json\frontend\node_modules\next
\dist\compiled\next-server\app-page.runtime.prod.js:12:96668
    at F._fromJSON (C:\Users\samue\Downloads\speak\speak-mvp-json\frontend\node
_modules\next\dist\compiled\next-server\app-page.runtime.prod.js:12:97106)
    at JSON.parse (<anonymous>)
    at O (C:\Users\samue\Downloads\speak\speak-mvp-json\frontend\node_modules\n
ext\dist\compiled\next-server\app-page.runtime.prod.js:12:94083)
    at t (C:\Users\samue\Downloads\speak\speak-mvp-json\frontend\node_modules\n
ext\dist\compiled\next-server\app-page.runtime.prod.js:12:100582) {
  digest: '3747330422'
}
TypeError: Cannot read properties of undefined (reading 'call')
    at Object.t [as require] (C:\Users\samue\Downloads\speak\speak-mvp-json\fro
ntend\.next\server\webpack-runtime.js:1:143)
    at require (C:\Users\samue\Downloads\speak\speak-mvp-json\frontend\node_mod
ules\next\dist\compiled\next-server\app-page.runtime.prod.js:16:18490)
    at I (C:\Users\samue\Downloads\speak\speak-mvp-json\frontend\node_modules\n
ext\dist\compiled\next-server\app-page.runtime.prod.js:12:94362)
    at C:\Users\samue\Downloads\speak\speak-mvp-json\frontend\node_modules\next
\dist\compiled\next-server\app-page.runtime.prod.js:12:96668
    at F._fromJSON (C:\Users\samue\Downloads\speak\speak-mvp-json\frontend\node
_modules\next\dist\compiled\next-server\app-page.runtime.prod.js:12:97106)
    at JSON.parse (<anonymous>)
    at O (C:\Users\samue\Downloads\speak\speak-mvp-json\frontend\node_modules\n
ext\dist\compiled\next-server\app-page.runtime.prod.js:12:94083)
    at t (C:\Users\samue\Downloads\speak\speak-mvp-json\frontend\node_modules\n
ext\dist\compiled\next-server\app-page.runtime.prod.js:12:100582)

Error occurred prerendering page "/guides". Read more: 
https://nextjs.org/docs/messages/prerender-error

TypeError: Cannot read properties of undefined (reading 'call')
    at Object.t [as require] (C:\Users\samue\Downloads\speak\speak-mvp-json\fro
ntend\.next\server\webpack-runtime.js:1:143)
    at require (C:\Users\samue\Downloads\speak\speak-mvp-json\frontend\node_mod
ules\next\dist\compiled\next-server\app-page.runtime.prod.js:16:18490)
    at I (C:\Users\samue\Downloads\speak\speak-mvp-json\frontend\node_modules\n
ext\dist\compiled\next-server\app-page.runtime.prod.js:12:94362)
    at C:\Users\samue\Downloads\speak\speak-mvp-json\frontend\node_modules\next
\dist\compiled\next-server\app-page.runtime.prod.js:12:96668
    at F._fromJSON (C:\Users\samue\Downloads\speak\speak-mvp-json\frontend\node
_modules\next\dist\compiled\next-server\app-page.runtime.prod.js:12:97106)
    at JSON.parse (<anonymous>)
    at O (C:\Users\samue\Downloads\speak\speak-mvp-json\frontend\node_modules\n
ext\dist\compiled\next-server\app-page.runtime.prod.js:12:94083)
    at t (C:\Users\samue\Downloads\speak\speak-mvp-json\frontend\node_modules\n
ext\dist\compiled\next-server\app-page.runtime.prod.js:12:100582)
TypeError: Cannot read properties of undefined (reading 'call')
    at Object.t [as require] (C:\Users\samue\Downloads\speak\speak-mvp-json\fro
ntend\.next\server\webpack-runtime.js:1:143)
    at require (C:\Users\samue\Downloads\speak\speak-mvp-json\frontend\node_mod
ules\next\dist\compiled\next-server\app-page.runtime.prod.js:16:18490)
    at I (C:\Users\samue\Downloads\speak\speak-mvp-json\frontend\node_modules\n
ext\dist\compiled\next-server\app-page.runtime.prod.js:12:94362)
    at C:\Users\samue\Downloads\speak\speak-mvp-json\frontend\node_modules\next
\dist\compiled\next-server\app-page.runtime.prod.js:12:96668
    at F._fromJSON (C:\Users\samue\Downloads\speak\speak-mvp-json\frontend\node
_modules\next\dist\compiled\next-server\app-page.runtime.prod.js:12:97106)
    at JSON.parse (<anonymous>)
    at O (C:\Users\samue\Downloads\speak\speak-mvp-json\frontend\node_modules\n
ext\dist\compiled\next-server\app-page.runtime.prod.js:12:94083)
    at t (C:\Users\samue\Downloads\speak\speak-mvp-json\frontend\node_modules\n
ext\dist\compiled\next-server\app-page.runtime.prod.js:12:100582) {
  digest: '3747330422'
}
TypeError: Cannot read properties of undefined (reading 'call')
    at Object.t [as require] (C:\Users\samue\Downloads\speak\speak-mvp-json\fro
ntend\.next\server\webpack-runtime.js:1:143)
    at require (C:\Users\samue\Downloads\speak\speak-mvp-json\frontend\node_mod
ules\next\dist\compiled\next-server\app-page.runtime.prod.js:16:18490)
    at I (C:\Users\samue\Downloads\speak\speak-mvp-json\frontend\node_modules\n
ext\dist\compiled\next-server\app-page.runtime.prod.js:12:94362)
    at C:\Users\samue\Downloads\speak\speak-mvp-json\frontend\node_modules\next
\dist\compiled\next-server\app-page.runtime.prod.js:12:96668
    at F._fromJSON (C:\Users\samue\Downloads\speak\speak-mvp-json\frontend\node
_modules\next\dist\compiled\next-server\app-page.runtime.prod.js:12:97106)
    at JSON.parse (<anonymous>)
    at O (C:\Users\samue\Downloads\speak\speak-mvp-json\frontend\node_modules\n
ext\dist\compiled\next-server\app-page.runtime.prod.js:12:94083)
    at t (C:\Users\samue\Downloads\speak\speak-mvp-json\frontend\node_modules\n
ext\dist\compiled\next-server\app-page.runtime.prod.js:12:100582)

Error occurred prerendering page "/profile". Read more: 
https://nextjs.org/docs/messages/prerender-error

TypeError: Cannot read properties of undefined (reading 'call')
    at Object.t [as require] (C:\Users\samue\Downloads\speak\speak-mvp-json\fro
ntend\.next\server\webpack-runtime.js:1:143)
    at require (C:\Users\samue\Downloads\speak\speak-mvp-json\frontend\node_mod
ules\next\dist\compiled\next-server\app-page.runtime.prod.js:16:18490)
    at I (C:\Users\samue\Downloads\speak\speak-mvp-json\frontend\node_modules\n
ext\dist\compiled\next-server\app-page.runtime.prod.js:12:94362)
    at C:\Users\samue\Downloads\speak\speak-mvp-json\frontend\node_modules\next
\dist\compiled\next-server\app-page.runtime.prod.js:12:96668
    at F._fromJSON (C:\Users\samue\Downloads\speak\speak-mvp-json\frontend\node
_modules\next\dist\compiled\next-server\app-page.runtime.prod.js:12:97106)
    at JSON.parse (<anonymous>)
    at O (C:\Users\samue\Downloads\speak\speak-mvp-json\frontend\node_modules\n
ext\dist\compiled\next-server\app-page.runtime.prod.js:12:94083)
    at t (C:\Users\samue\Downloads\speak\speak-mvp-json\frontend\node_modules\n
ext\dist\compiled\next-server\app-page.runtime.prod.js:12:100582)
 Γ£ô Generating static pages (32/32)

> Export encountered errors on following paths:
	/(auth)/login/page: /login
	/(student)/groups/page: /groups
	/(student)/guides/page: /guides
	/(student)/missions/page: /missions
	/(student)/profile/page: /profile
	/(student)/stories/page: /stories
	/page: /
